Archive member included to satisfy reference by file (symbol)

../FreeRTOS/FreeRTOS/Source/Common/drivers/LuminaryMicro/arm-none-eabi-gcc//libdriver.a(gpio.o)
                              ./LocalFiles/osram128x64x4.o (GPIODirModeSet)
../FreeRTOS/FreeRTOS/Source/Common/drivers/LuminaryMicro/arm-none-eabi-gcc//libdriver.a(interrupt.o)
                              ../FreeRTOS/FreeRTOS/Source/Common/drivers/LuminaryMicro/arm-none-eabi-gcc//libdriver.a(gpio.o) (IntRegister)
../FreeRTOS/FreeRTOS/Source/Common/drivers/LuminaryMicro/arm-none-eabi-gcc//libdriver.a(ssi.o)
                              ./LocalFiles/osram128x64x4.o (SSIConfigSetExpClk)
../FreeRTOS/FreeRTOS/Source/Common/drivers/LuminaryMicro/arm-none-eabi-gcc//libdriver.a(sysctl.o)
                              ./LocalFiles/rit128x96x4.o (SysCtlPeripheralPresent)
../FreeRTOS/FreeRTOS/Source/Common/drivers/LuminaryMicro/arm-none-eabi-gcc//libdriver.a(timer.o)
                              ./LocalFiles/IntQueueTimer.o (TimerEnable)
../FreeRTOS/FreeRTOS/Source/Common/drivers/LuminaryMicro/arm-none-eabi-gcc//libdriver.a(uart.o)
                              ./main.o (UARTEnable)
../FreeRTOS/FreeRTOS/Source/Common/drivers/LuminaryMicro/arm-none-eabi-gcc//libdriver.a(cpu.o)
                              ../FreeRTOS/FreeRTOS/Source/Common/drivers/LuminaryMicro/arm-none-eabi-gcc//libdriver.a(interrupt.o) (CPUcpsid)
/usr/share/gcc-arm-none-eabi-10.3-2021.10/bin/../lib/gcc/arm-none-eabi/10.3.1/../../../../arm-none-eabi/lib/thumb/v7-m/nofp/libg_nano.a(lib_a-memcmp.o)
                              ./CommonFiles/MessageBufferDemo.o (memcmp)
/usr/share/gcc-arm-none-eabi-10.3-2021.10/bin/../lib/gcc/arm-none-eabi/10.3.1/../../../../arm-none-eabi/lib/thumb/v7-m/nofp/libg_nano.a(lib_a-memcpy-stub.o)
                              ./FreeRTOS_Source/queue.o (memcpy)
/usr/share/gcc-arm-none-eabi-10.3-2021.10/bin/../lib/gcc/arm-none-eabi/10.3.1/../../../../arm-none-eabi/lib/thumb/v7-m/nofp/libg_nano.a(lib_a-memset.o)
                              ./FreeRTOS_Source/portable/MemMang/heap_4.o (memset)
/usr/share/gcc-arm-none-eabi-10.3-2021.10/bin/../lib/gcc/arm-none-eabi/10.3.1/../../../../arm-none-eabi/lib/thumb/v7-m/nofp/libg_nano.a(lib_a-strcmp.o)
                              ./CommonFiles/MessageBufferDemo.o (strcmp)
/usr/share/gcc-arm-none-eabi-10.3-2021.10/bin/../lib/gcc/arm-none-eabi/10.3.1/../../../../arm-none-eabi/lib/thumb/v7-m/nofp/libg_nano.a(lib_a-strcpy.o)
                              ./FreeRTOS_Source/tasks.o (strcpy)
/usr/share/gcc-arm-none-eabi-10.3-2021.10/bin/../lib/gcc/arm-none-eabi/10.3.1/../../../../arm-none-eabi/lib/thumb/v7-m/nofp/libg_nano.a(lib_a-strlen.o)
                              ./FreeRTOS_Source/tasks.o (strlen)
/usr/share/gcc-arm-none-eabi-10.3-2021.10/bin/../lib/gcc/arm-none-eabi/10.3.1/../../../../arm-none-eabi/lib/thumb/v7-m/nofp/libg_nano.a(lib_a-strncpy.o)
                              ./LegacyDrivers/ustdlib.o (strncpy)

Discarded input sections

 .group         0x0000000000000000        0xc ./LocalFiles/IntQueueTimer.o
 .group         0x0000000000000000        0xc ./LocalFiles/IntQueueTimer.o
 .group         0x0000000000000000        0xc ./LocalFiles/IntQueueTimer.o
 .group         0x0000000000000000        0xc ./LocalFiles/IntQueueTimer.o
 .group         0x0000000000000000        0xc ./LocalFiles/IntQueueTimer.o
 .group         0x0000000000000000        0xc ./LocalFiles/IntQueueTimer.o
 .group         0x0000000000000000        0xc ./LocalFiles/IntQueueTimer.o
 .group         0x0000000000000000        0xc ./LocalFiles/IntQueueTimer.o
 .group         0x0000000000000000        0xc ./LocalFiles/IntQueueTimer.o
 .group         0x0000000000000000        0xc ./LocalFiles/IntQueueTimer.o
 .group         0x0000000000000000        0xc ./LocalFiles/IntQueueTimer.o
 .group         0x0000000000000000        0xc ./LocalFiles/IntQueueTimer.o
 .group         0x0000000000000000        0xc ./LocalFiles/IntQueueTimer.o
 .group         0x0000000000000000        0xc ./LocalFiles/IntQueueTimer.o
 .group         0x0000000000000000        0xc ./LocalFiles/IntQueueTimer.o
 .group         0x0000000000000000        0xc ./LocalFiles/IntQueueTimer.o
 .group         0x0000000000000000        0xc ./LocalFiles/IntQueueTimer.o
 .group         0x0000000000000000        0xc ./LocalFiles/IntQueueTimer.o
 .group         0x0000000000000000        0xc ./LocalFiles/IntQueueTimer.o
 .group         0x0000000000000000        0xc ./LocalFiles/IntQueueTimer.o
 .group         0x0000000000000000        0xc ./LocalFiles/IntQueueTimer.o
 .text          0x0000000000000000        0x0 ./LocalFiles/IntQueueTimer.o
 .data          0x0000000000000000        0x0 ./LocalFiles/IntQueueTimer.o
 .bss           0x0000000000000000        0x0 ./LocalFiles/IntQueueTimer.o
 .text.vInitialiseTimerForIntQueueTest
                0x0000000000000000       0xac ./LocalFiles/IntQueueTimer.o
 .group         0x0000000000000000        0xc ./LocalFiles/osram128x64x4.o
[...]
Memory Configuration

Name             Origin             Length             Attributes
FLASH            0x0000000000000000 0x0000000000040000 xr
SRAM             0x0000000020000000 0x0000000000010000 xrw
*default*        0x0000000000000000 0xffffffffffffffff

Linker script and memory map

LOAD ./LocalFiles/IntQueueTimer.o
LOAD ./LocalFiles/osram128x64x4.o
LOAD ./LocalFiles/rit128x96x4.o
LOAD ./LocalFiles/printf-stdarg.o
LOAD ./LocalFiles/timertest.o
LOAD ./LegacyDrivers/ustdlib.o
LOAD ./FreeRTOS_Source/portable/MemMang/heap_4.o
LOAD ./FreeRTOS_Source/portable/GCC/ARM_CM3/port.o
LOAD ./FreeRTOS_Source/croutine.o
LOAD ./FreeRTOS_Source/event_groups.o
LOAD ./FreeRTOS_Source/list.o
LOAD ./FreeRTOS_Source/queue.o
LOAD ./FreeRTOS_Source/stream_buffer.o
LOAD ./FreeRTOS_Source/tasks.o
LOAD ./FreeRTOS_Source/timers.o
LOAD ./CommonFiles/EventGroupsDemo.o
LOAD ./CommonFiles/IntQueue.o
LOAD ./CommonFiles/MessageBufferDemo.o
LOAD ./CommonFiles/QPeek.o
LOAD ./CommonFiles/QueueSet.o
LOAD ./CommonFiles/StreamBufferDemo.o
LOAD ./CommonFiles/blocktim.o
LOAD ./CommonFiles/death.o
LOAD ./CommonFiles/recmutex.o
LOAD ./CommonFiles/semtest.o
LOAD ./main.o
LOAD ./startup.o
LOAD ./DisplayDemo.o
LOAD ./InputDemo.o
LOAD ./ChaosDemo.o
LOAD ./Pong.o
LOAD ../FreeRTOS/FreeRTOS/Source/Common/drivers/LuminaryMicro/arm-none-eabi-gcc//libdriver.a
LOAD ../FreeRTOS/FreeRTOS/Source/Common/drivers/LuminaryMicro/arm-none-eabi-gcc//libgr.a
START GROUP
LOAD /usr/share/gcc-arm-none-eabi-10.3-2021.10/bin/../lib/gcc/arm-none-eabi/10.3.1/thumb/v7-m/nofp/libgcc.a
LOAD /usr/share/gcc-arm-none-eabi-10.3-2021.10/bin/../lib/gcc/arm-none-eabi/10.3.1/../../../../arm-none-eabi/lib/thumb/v7-m/nofp/libg_nano.a
LOAD /usr/share/gcc-arm-none-eabi-10.3-2021.10/bin/../lib/gcc/arm-none-eabi/10.3.1/../../../../arm-none-eabi/lib/thumb/v7-m/nofp/libc_nano.a
END GROUP
START GROUP
LOAD /usr/share/gcc-arm-none-eabi-10.3-2021.10/bin/../lib/gcc/arm-none-eabi/10.3.1/thumb/v7-m/nofp/libgcc.a
LOAD /usr/share/gcc-arm-none-eabi-10.3-2021.10/bin/../lib/gcc/arm-none-eabi/10.3.1/../../../../arm-none-eabi/lib/thumb/v7-m/nofp/libc_nano.a
END GROUP

.text           0x0000000000000000     0x49d0
 *(.isr_vector)
 .isr_vector    0x0000000000000000       0xf0 ./startup.o
                0x0000000000000000                g_pfnVectors
 *(.text*)
 .text.vT2InterruptHandler
                0x00000000000000f0       0x34 ./LocalFiles/IntQueueTimer.o
                0x00000000000000f0                vT2InterruptHandler
 .text.vT3InterruptHandler
                0x0000000000000124       0x34 ./LocalFiles/IntQueueTimer.o
                0x0000000000000124                vT3InterruptHandler
 .text.OSRAMWriteCommand
                0x0000000000000158       0x60 ./LocalFiles/osram128x64x4.o
 .text.OSRAMWriteData
                0x00000000000001b8       0x60 ./LocalFiles/osram128x64x4.o
 .text.OSRAM128x64x4Clear
                0x0000000000000218       0x64 ./LocalFiles/osram128x64x4.o
                0x0000000000000218                OSRAM128x64x4Clear
 .text.OSRAM128x64x4StringDraw
                0x000000000000027c      0x168 ./LocalFiles/osram128x64x4.o
                0x000000000000027c                OSRAM128x64x4StringDraw
 .text.OSRAM128x64x4ImageDraw
                0x00000000000003e4       0x9c ./LocalFiles/osram128x64x4.o
                0x00000000000003e4                OSRAM128x64x4ImageDraw
 .text.OSRAM128x64x4Enable
                0x0000000000000480       0x70 ./LocalFiles/osram128x64x4.o
                0x0000000000000480                OSRAM128x64x4Enable
 .text.OSRAM128x64x4Init
                0x00000000000004f0       0xd0 ./LocalFiles/osram128x64x4.o
                0x00000000000004f0                OSRAM128x64x4Init
 .text.OSRAM128x64x4DisplayOn
                0x00000000000005c0       0x4c ./LocalFiles/osram128x64x4.o
                0x00000000000005c0                OSRAM128x64x4DisplayOn
 .text.printchar
                0x000000000000060c       0x58 ./LocalFiles/printf-stdarg.o
 .text.prints   0x0000000000000664       0xbc ./LocalFiles/printf-stdarg.o
 .text.printi   0x0000000000000720       0xe4 ./LocalFiles/printf-stdarg.o
 .text.tiny_print
                0x0000000000000804      0x21c ./LocalFiles/printf-stdarg.o
 .text.sprintf  0x0000000000000a20       0x2c ./LocalFiles/printf-stdarg.o
                0x0000000000000a20                sprintf
 .text.Timer0IntHandler
                0x0000000000000a4c       0x68 ./LocalFiles/timertest.o
                0x0000000000000a4c                Timer0IntHandler
 .text.pvPortMalloc
                0x0000000000000ab4      0x15c ./FreeRTOS_Source/portable/MemMang/heap_4.o
                0x0000000000000ab4                pvPortMalloc
 .text.vPortFree
                0x0000000000000c10       0xa4 ./FreeRTOS_Source/portable/MemMang/heap_4.o
                0x0000000000000c10                vPortFree
 .text.prvHeapInit
                0x0000000000000cb4       0xb8 ./FreeRTOS_Source/portable/MemMang/heap_4.o
 .text.prvInsertBlockIntoFreeList
                0x0000000000000d6c       0xb0 ./FreeRTOS_Source/portable/MemMang/heap_4.o
 .text.pxPortInitialiseStack
                0x0000000000000e1c       0x58 ./FreeRTOS_Source/portable/GCC/ARM_CM3/port.o
                0x0000000000000e1c                pxPortInitialiseStack
 .text.prvTaskExitError
                0x0000000000000e74       0x4c ./FreeRTOS_Source/portable/GCC/ARM_CM3/port.o
 .text.vPortSVCHandler
                0x0000000000000ec0       0x28 ./FreeRTOS_Source/portable/GCC/ARM_CM3/port.o
                0x0000000000000ec0                vPortSVCHandler
 .text.prvPortStartFirstTask
                0x0000000000000ee8       0x24 ./FreeRTOS_Source/portable/GCC/ARM_CM3/port.o
 .text.xPortStartScheduler
                0x0000000000000f0c       0xc0 ./FreeRTOS_Source/portable/GCC/ARM_CM3/port.o
                0x0000000000000f0c                xPortStartScheduler
 .text.vPortEnterCritical
                0x0000000000000fcc       0x54 ./FreeRTOS_Source/portable/GCC/ARM_CM3/port.o
                0x0000000000000fcc                vPortEnterCritical
 .text.vPortExitCritical
                0x0000000000001020       0x48 ./FreeRTOS_Source/portable/GCC/ARM_CM3/port.o
                0x0000000000001020                vPortExitCritical
 *fill*         0x0000000000001068        0x8 
 .text.xPortPendSVHandler
                0x0000000000001070       0x48 ./FreeRTOS_Source/portable/GCC/ARM_CM3/port.o
                0x0000000000001070                xPortPendSVHandler
 .text.xPortSysTickHandler
                0x00000000000010b8       0x44 ./FreeRTOS_Source/portable/GCC/ARM_CM3/port.o
                0x00000000000010b8                xPortSysTickHandler
 .text.vPortSetupTimerInterrupt
                0x00000000000010fc       0x34 ./FreeRTOS_Source/portable/GCC/ARM_CM3/port.o
                0x00000000000010fc                vPortSetupTimerInterrupt
 .text.vPortValidateInterruptPriority
                0x0000000000001130       0x68 ./FreeRTOS_Source/portable/GCC/ARM_CM3/port.o
                0x0000000000001130                vPortValidateInterruptPriority
 .text.vListInitialise
                0x0000000000001198       0x3e ./FreeRTOS_Source/list.o
                0x0000000000001198                vListInitialise
 .text.vListInitialiseItem
                0x00000000000011d6       0x18 ./FreeRTOS_Source/list.o
                0x00000000000011d6                vListInitialiseItem
 .text.vListInsert
                0x00000000000011ee       0x70 ./FreeRTOS_Source/list.o
                0x00000000000011ee                vListInsert
 .text.uxListRemove
                0x000000000000125e       0x52 ./FreeRTOS_Source/list.o
                0x000000000000125e                uxListRemove
 .text.xQueueGenericReset
                0x00000000000012b0      0x10c ./FreeRTOS_Source/queue.o
                0x00000000000012b0                xQueueGenericReset
 .text.xQueueGenericCreateStatic
                0x00000000000013bc       0x9c ./FreeRTOS_Source/queue.o
                0x00000000000013bc                xQueueGenericCreateStatic
 .text.xQueueGenericCreate
                0x0000000000001458       0x9c ./FreeRTOS_Source/queue.o
                0x0000000000001458                xQueueGenericCreate
 .text.prvInitialiseNewQueue
                0x00000000000014f4       0x4c ./FreeRTOS_Source/queue.o
 .text.xQueueGenericSend
                0x0000000000001540      0x208 ./FreeRTOS_Source/queue.o
                0x0000000000001540                xQueueGenericSend
 .text.xQueueGenericSendFromISR
                0x0000000000001748      0x168 ./FreeRTOS_Source/queue.o
                0x0000000000001748                xQueueGenericSendFromISR
 .text.xQueueReceive
                0x00000000000018b0      0x1a0 ./FreeRTOS_Source/queue.o
                0x00000000000018b0                xQueueReceive
 .text.xQueueReceiveFromISR
                0x0000000000001a50      0x110 ./FreeRTOS_Source/queue.o
                0x0000000000001a50                xQueueReceiveFromISR
 .text.prvCopyDataToQueue
                0x0000000000001b60       0xd4 ./FreeRTOS_Source/queue.o
 .text.prvCopyDataFromQueue
                0x0000000000001c34       0x4c ./FreeRTOS_Source/queue.o
 .text.prvUnlockQueue
                0x0000000000001c80       0xbe ./FreeRTOS_Source/queue.o
 .text.prvIsQueueEmpty
                0x0000000000001d3e       0x2c ./FreeRTOS_Source/queue.o
 .text.prvIsQueueFull
                0x0000000000001d6a       0x30 ./FreeRTOS_Source/queue.o
 *fill*         0x0000000000001d9a        0x2 
 .text.xQueueIsQueueFullFromISR
                0x0000000000001d9c       0x40 ./FreeRTOS_Source/queue.o
                0x0000000000001d9c                xQueueIsQueueFullFromISR
 .text.vQueueAddToRegistry
                0x0000000000001ddc       0x90 ./FreeRTOS_Source/queue.o
                0x0000000000001ddc                vQueueAddToRegistry
 .text.vQueueWaitForMessageRestricted
                0x0000000000001e6c       0x68 ./FreeRTOS_Source/queue.o
                0x0000000000001e6c                vQueueWaitForMessageRestricted
 .text.prvNotifyQueueSetContainer
                0x0000000000001ed4       0xc0 ./FreeRTOS_Source/queue.o
 .text.xTaskCreateStatic
                0x0000000000001f94       0xa4 ./FreeRTOS_Source/tasks.o
                0x0000000000001f94                xTaskCreateStatic
 .text.xTaskCreate
                0x0000000000002038       0x94 ./FreeRTOS_Source/tasks.o
                0x0000000000002038                xTaskCreate
 .text.prvInitialiseNewTask
                0x00000000000020cc      0x10c ./FreeRTOS_Source/tasks.o
 .text.prvAddNewTaskToReadyList
                0x00000000000021d8      0x12c ./FreeRTOS_Source/tasks.o
 .text.vTaskDelay
                0x0000000000002304       0x60 ./FreeRTOS_Source/tasks.o
                0x0000000000002304                vTaskDelay
 .text.vTaskStartScheduler
                0x0000000000002364       0xd0 ./FreeRTOS_Source/tasks.o
                0x0000000000002364                vTaskStartScheduler
 .text.vTaskSuspendAll
                0x0000000000002434       0x1c ./FreeRTOS_Source/tasks.o
                0x0000000000002434                vTaskSuspendAll
 .text.xTaskResumeAll
                0x0000000000002450      0x1f0 ./FreeRTOS_Source/tasks.o
                0x0000000000002450                xTaskResumeAll
 .text.xTaskGetTickCount
                0x0000000000002640       0x1c ./FreeRTOS_Source/tasks.o
                0x0000000000002640                xTaskGetTickCount
 .text.uxTaskGetNumberOfTasks
                0x000000000000265c       0x14 ./FreeRTOS_Source/tasks.o
                0x000000000000265c                uxTaskGetNumberOfTasks
 .text.xTaskIncrementTick
                0x0000000000002670      0x234 ./FreeRTOS_Source/tasks.o
                0x0000000000002670                xTaskIncrementTick
 .text.vTaskSwitchContext
                0x00000000000028a4       0xf8 ./FreeRTOS_Source/tasks.o
                0x00000000000028a4                vTaskSwitchContext
 .text.vTaskPlaceOnEventList
                0x000000000000299c       0x40 ./FreeRTOS_Source/tasks.o
                0x000000000000299c                vTaskPlaceOnEventList
 .text.vTaskPlaceOnEventListRestricted
                0x00000000000029dc       0x84 ./FreeRTOS_Source/tasks.o
                0x00000000000029dc                vTaskPlaceOnEventListRestricted
 .text.xTaskRemoveFromEventList
                0x0000000000002a60      0x1a0 ./FreeRTOS_Source/tasks.o
                0x0000000000002a60                xTaskRemoveFromEventList
 .text.vTaskInternalSetTimeOutState
                0x0000000000002c00       0x2c ./FreeRTOS_Source/tasks.o
                0x0000000000002c00                vTaskInternalSetTimeOutState
 .text.xTaskCheckForTimeOut
                0x0000000000002c2c       0xb8 ./FreeRTOS_Source/tasks.o
                0x0000000000002c2c                xTaskCheckForTimeOut
 .text.vTaskMissedYield
                0x0000000000002ce4       0x18 ./FreeRTOS_Source/tasks.o
                0x0000000000002ce4                vTaskMissedYield
 .text.prvIdleTask
                0x0000000000002cfc        0xe ./FreeRTOS_Source/tasks.o
 *fill*         0x0000000000002d0a        0x2 
 .text.prvInitialiseTaskLists
                0x0000000000002d0c       0x80 ./FreeRTOS_Source/tasks.o
 .text.prvCheckTasksWaitingTermination
                0x0000000000002d8c       0x5c ./FreeRTOS_Source/tasks.o
 .text.prvDeleteTCB
                0x0000000000002de8       0x58 ./FreeRTOS_Source/tasks.o
 .text.prvResetNextTaskUnblockTime
                0x0000000000002e40       0x34 ./FreeRTOS_Source/tasks.o
 .text.xTaskGetSchedulerState
                0x0000000000002e74       0x3c ./FreeRTOS_Source/tasks.o
                0x0000000000002e74                xTaskGetSchedulerState
 .text.xTaskPriorityDisinherit
                0x0000000000002eb0      0x130 ./FreeRTOS_Source/tasks.o
                0x0000000000002eb0                xTaskPriorityDisinherit
 .text.prvAddCurrentTaskToDelayedList
                0x0000000000002fe0      0x100 ./FreeRTOS_Source/tasks.o
 .text.xTimerCreateTimerTask
                0x00000000000030e0       0x88 ./FreeRTOS_Source/timers.o
                0x00000000000030e0                xTimerCreateTimerTask
 .text.prvReloadTimer
                0x0000000000003168       0x42 ./FreeRTOS_Source/timers.o
 *fill*         0x00000000000031aa        0x2 
 .text.prvProcessExpiredTimer
                0x00000000000031ac       0x60 ./FreeRTOS_Source/timers.o
 .text.prvTimerTask
                0x000000000000320c       0x24 ./FreeRTOS_Source/timers.o
 .text.prvProcessTimerOrBlockTask
                0x0000000000003230       0x9c ./FreeRTOS_Source/timers.o
 .text.prvGetNextExpireTime
                0x00000000000032cc       0x44 ./FreeRTOS_Source/timers.o
 .text.prvSampleTimeNow
                0x0000000000003310       0x40 ./FreeRTOS_Source/timers.o
 .text.prvInsertTimerInActiveList
                0x0000000000003350       0x84 ./FreeRTOS_Source/timers.o
 .text.prvProcessReceivedCommands
                0x00000000000033d4      0x1a0 ./FreeRTOS_Source/timers.o
 .text.prvSwitchTimerLists
                0x0000000000003574       0x4c ./FreeRTOS_Source/timers.o
 .text.prvCheckForValidListAndQueue
                0x00000000000035c0       0x80 ./FreeRTOS_Source/timers.o
 .text.prvRecordValue_NormallyFull
                0x0000000000003640       0x3c ./CommonFiles/IntQueue.o
 .text.prvRecordValue_NormallyEmpty
                0x000000000000367c       0x3c ./CommonFiles/IntQueue.o
 .text.prvQueueAccessLogError
                0x00000000000036b8       0x28 ./CommonFiles/IntQueue.o
 .text.xFirstTimerHandler
                0x00000000000036e0      0x1b8 ./CommonFiles/IntQueue.o
                0x00000000000036e0                xFirstTimerHandler
 .text.xSecondTimerHandler
                0x0000000000003898      0x290 ./CommonFiles/IntQueue.o
                0x0000000000003898                xSecondTimerHandler
 .text.main     0x0000000000003b28        0xe ./main.o
                0x0000000000003b28                main
 *fill*         0x0000000000003b36        0x2 
 .text.vApplicationStackOverflowHook
                0x0000000000003b38       0x24 ./main.o
                0x0000000000003b38                vApplicationStackOverflowHook
 .text.vApplicationTickHook
                0x0000000000003b5c        0xc ./main.o
                0x0000000000003b5c                vApplicationTickHook
 .text.vAssertCalled
                0x0000000000003b68       0x26 ./main.o
                0x0000000000003b68                vAssertCalled
 *fill*         0x0000000000003b8e        0x2 
 .text.vApplicationGetIdleTaskMemory
                0x0000000000003b90       0x30 ./main.o
                0x0000000000003b90                vApplicationGetIdleTaskMemory
 .text.vApplicationGetTimerTaskMemory
                0x0000000000003bc0       0x30 ./main.o
                0x0000000000003bc0                vApplicationGetTimerTaskMemory
 .text.prvSetupHardware
                0x0000000000003bf0       0x50 ./main.o
                0x0000000000003bf0                prvSetupHardware
 .text.IntDefaultHandler
                0x0000000000003c40       0x14 ./startup.o
 .text.FaultISR
                0x0000000000003c54       0x14 ./startup.o
 .text.NmiSR    0x0000000000003c68       0x14 ./startup.o
 .text.ResetISR
                0x0000000000003c7c       0x50 ./startup.o
                0x0000000000003c7c                ResetISR
 .text.game_engine_task
                0x0000000000003ccc      0x1bc ./Pong.o
                0x0000000000003ccc                game_engine_task
 .text.p_input_task
                0x0000000000003e88       0x58 ./Pong.o
                0x0000000000003e88                p_input_task
 .text.graphical_engine_task
                0x0000000000003ee0       0x68 ./Pong.o
                0x0000000000003ee0                graphical_engine_task
 .text.pong     0x0000000000003f48       0xa0 ./Pong.o
                0x0000000000003f48                pong
 .text.GPIODirModeSet
                0x0000000000003fe8       0x44 ../FreeRTOS/FreeRTOS/Source/Common/drivers/LuminaryMicro/arm-none-eabi-gcc//libdriver.a(gpio.o)
                0x0000000000003fe8                GPIODirModeSet
 .text.GPIOPadConfigSet
                0x000000000000402c      0x130 ../FreeRTOS/FreeRTOS/Source/Common/drivers/LuminaryMicro/arm-none-eabi-gcc//libdriver.a(gpio.o)
                0x000000000000402c                GPIOPadConfigSet
 .text.GPIOPinWrite
                0x000000000000415c        0x8 ../FreeRTOS/FreeRTOS/Source/Common/drivers/LuminaryMicro/arm-none-eabi-gcc//libdriver.a(gpio.o)
                0x000000000000415c                GPIOPinWrite
 .text.GPIOPinTypeSSI
                0x0000000000004164       0x1c ../FreeRTOS/FreeRTOS/Source/Common/drivers/LuminaryMicro/arm-none-eabi-gcc//libdriver.a(gpio.o)
                0x0000000000004164                GPIOPinTypeSSI
 .text.SSIConfigSetExpClk
                0x0000000000004180       0x48 ../FreeRTOS/FreeRTOS/Source/Common/drivers/LuminaryMicro/arm-none-eabi-gcc//libdriver.a(ssi.o)
                0x0000000000004180                SSIConfigSetExpClk
 .text.SSIEnable
                0x00000000000041c8        0xc ../FreeRTOS/FreeRTOS/Source/Common/drivers/LuminaryMicro/arm-none-eabi-gcc//libdriver.a(ssi.o)
                0x00000000000041c8                SSIEnable
 .text.SSIDisable
                0x00000000000041d4        0xc ../FreeRTOS/FreeRTOS/Source/Common/drivers/LuminaryMicro/arm-none-eabi-gcc//libdriver.a(ssi.o)
                0x00000000000041d4                SSIDisable
 .text.SSIDataPut
                0x00000000000041e0       0x10 ../FreeRTOS/FreeRTOS/Source/Common/drivers/LuminaryMicro/arm-none-eabi-gcc//libdriver.a(ssi.o)
                0x00000000000041e0                SSIDataPut
 .text.SSIDataGet
                0x00000000000041f0       0x14 ../FreeRTOS/FreeRTOS/Source/Common/drivers/LuminaryMicro/arm-none-eabi-gcc//libdriver.a(ssi.o)
                0x00000000000041f0                SSIDataGet
 .text.SSIDataGetNonBlocking
                0x0000000000004204       0x14 ../FreeRTOS/FreeRTOS/Source/Common/drivers/LuminaryMicro/arm-none-eabi-gcc//libdriver.a(ssi.o)
                0x0000000000004204                SSIDataGetNonBlocking
 .text.SysCtlPeripheralEnable
                0x0000000000004218       0x24 ../FreeRTOS/FreeRTOS/Source/Common/drivers/LuminaryMicro/arm-none-eabi-gcc//libdriver.a(sysctl.o)
                0x0000000000004218                SysCtlPeripheralEnable
 .text.SysCtlLDOSet
                0x000000000000423c        0xc ../FreeRTOS/FreeRTOS/Source/Common/drivers/LuminaryMicro/arm-none-eabi-gcc//libdriver.a(sysctl.o)
                0x000000000000423c                SysCtlLDOSet
 .text.SysCtlDelay
                0x0000000000004248        0x8 ../FreeRTOS/FreeRTOS/Source/Common/drivers/LuminaryMicro/arm-none-eabi-gcc//libdriver.a(sysctl.o)
                0x0000000000004248                SysCtlDelay
 .text.SysCtlClockSet
                0x0000000000004250      0x168 ../FreeRTOS/FreeRTOS/Source/Common/drivers/LuminaryMicro/arm-none-eabi-gcc//libdriver.a(sysctl.o)
                0x0000000000004250                SysCtlClockSet
 .text.SysCtlClockGet
                0x00000000000043b8      0x150 ../FreeRTOS/FreeRTOS/Source/Common/drivers/LuminaryMicro/arm-none-eabi-gcc//libdriver.a(sysctl.o)
                0x00000000000043b8                SysCtlClockGet
 .text.TimerIntClear
                0x0000000000004508        0x4 ../FreeRTOS/FreeRTOS/Source/Common/drivers/LuminaryMicro/arm-none-eabi-gcc//libdriver.a(timer.o)
                0x0000000000004508                TimerIntClear
 .text.UARTEnable
                0x000000000000450c       0x18 ../FreeRTOS/FreeRTOS/Source/Common/drivers/LuminaryMicro/arm-none-eabi-gcc//libdriver.a(uart.o)
                0x000000000000450c                UARTEnable
 .text.UARTCharGet
                0x0000000000004524       0x10 ../FreeRTOS/FreeRTOS/Source/Common/drivers/LuminaryMicro/arm-none-eabi-gcc//libdriver.a(uart.o)
                0x0000000000004524                UARTCharGet
 .text.memcpy   0x0000000000004534       0x1c /usr/share/gcc-arm-none-eabi-10.3-2021.10/bin/../lib/gcc/arm-none-eabi/10.3.1/../../../../arm-none-eabi/lib/thumb/v7-m/nofp/libg_nano.a(lib_a-memcpy-stub.o)
                0x0000000000004534                memcpy
 .text.memset   0x0000000000004550       0x10 /usr/share/gcc-arm-none-eabi-10.3-2021.10/bin/../lib/gcc/arm-none-eabi/10.3.1/../../../../arm-none-eabi/lib/thumb/v7-m/nofp/libg_nano.a(lib_a-memset.o)
                0x0000000000004550                memset
 *(.rodata*)
 .rodata.g_pucOSRAM128x64x4VerticalInc
                0x0000000000004560        0x2 ./LocalFiles/osram128x64x4.o
 *fill*         0x0000000000004562        0x2 
 .rodata.g_pucOSRAM128x64x4HorizontalInc
                0x0000000000004564        0x2 ./LocalFiles/osram128x64x4.o
 *fill*         0x0000000000004566        0x2 
 .rodata.g_pucFont
                0x0000000000004568      0x1e0 ./LocalFiles/osram128x64x4.o
 .rodata.g_pucOSRAM128x64x4Init
                0x0000000000004748       0x4e ./LocalFiles/osram128x64x4.o
 *fill*         0x0000000000004796        0x2 
 .rodata.pucCommand1.5
                0x0000000000004798        0x3 ./LocalFiles/osram128x64x4.o
 *fill*         0x000000000000479b        0x1 
 .rodata.pucCommand2.4
                0x000000000000479c        0x3 ./LocalFiles/osram128x64x4.o
 *fill*         0x000000000000479f        0x1 
 .rodata        0x00000000000047a0        0x7 ./LocalFiles/printf-stdarg.o
 *fill*         0x00000000000047a7        0x1 
 .rodata        0x00000000000047a8       0x36 ./FreeRTOS_Source/portable/MemMang/heap_4.o
 *fill*         0x00000000000047de        0x2 
 .rodata        0x00000000000047e0       0x38 ./FreeRTOS_Source/portable/GCC/ARM_CM3/port.o
 .rodata        0x0000000000004818       0x24 ./FreeRTOS_Source/queue.o
 .rodata        0x000000000000483c       0x3b ./FreeRTOS_Source/tasks.o
 *fill*         0x0000000000004877        0x1 
 .rodata        0x0000000000004878       0x35 ./FreeRTOS_Source/timers.o
 *fill*         0x00000000000048ad        0x3 
 .rodata        0x00000000000048b0        0xe ./main.o
 *fill*         0x00000000000048be        0x2 
 .rodata.IntDefaultHandler.str1.4
                0x00000000000048c0       0x11 ./startup.o
 *fill*         0x00000000000048d1        0x3 
 .rodata.game_engine_task.str1.4
                0x00000000000048d4       0x16 ./Pong.o
 *fill*         0x00000000000048ea        0x2 
 .rodata.pong.str1.4
                0x00000000000048ec       0x2d ./Pong.o
 *fill*         0x0000000000004919        0x3 
 .rodata.ballImage
                0x000000000000491c       0x3c ./Pong.o
                0x000000000000491c                ballImage
 .rodata.paddleImage
                0x0000000000004958        0xe ./Pong.o
                0x0000000000004958                paddleImage
 *fill*         0x0000000000004966        0x2 
 .rodata.g_pulXtals
                0x0000000000004968       0x5c ../FreeRTOS/FreeRTOS/Source/Common/drivers/LuminaryMicro/arm-none-eabi-gcc//libdriver.a(sysctl.o)
 .rodata.g_pulRCGCRegs
                0x00000000000049c4        0xc ../FreeRTOS/FreeRTOS/Source/Common/drivers/LuminaryMicro/arm-none-eabi-gcc//libdriver.a(sysctl.o)
                0x00000000000049d0                _etext = .

.glue_7         0x00000000000049d0        0x0
 .glue_7        0x00000000000049d0        0x0 linker stubs

.glue_7t        0x00000000000049d0        0x0
 .glue_7t       0x00000000000049d0        0x0 linker stubs

.vfp11_veneer   0x00000000000049d0        0x0
 .vfp11_veneer  0x00000000000049d0        0x0 linker stubs

.v4_bx          0x00000000000049d0        0x0
 .v4_bx         0x00000000000049d0        0x0 linker stubs

.iplt           0x00000000000049d0        0x0
 .iplt          0x00000000000049d0        0x0 ./LocalFiles/IntQueueTimer.o

.rel.dyn        0x00000000000049d0        0x0
 .rel.iplt      0x00000000000049d0        0x0 ./LocalFiles/IntQueueTimer.o

.data           0x0000000020000000        0xc load address 0x00000000000049d0
                0x0000000020000000                _data = .
 *(vtable)
 *(.data*)
 .data.uxCriticalNesting
                0x0000000020000000        0x4 ./FreeRTOS_Source/portable/GCC/ARM_CM3/port.o
 .data.uxTopUsedPriority
                0x0000000020000004        0x4 ./FreeRTOS_Source/tasks.o
                0x0000000020000004                uxTopUsedPriority
 .data.xErrorStatus
                0x0000000020000008        0x4 ./CommonFiles/IntQueue.o
                0x000000002000000c                _edata = .

.igot.plt       0x000000002000000c        0x0 load address 0x00000000000049dc
 .igot.plt      0x000000002000000c        0x0 ./LocalFiles/IntQueueTimer.o

.ARM.exidx
 *(.ARM.exidx*)

.bss            0x000000002000000c     0xd39c load address 0x00000000000049dc
                0x000000002000000c                _bss = .
 *(.bss*)
 .bss.g_bSSIEnabled
                0x000000002000000c        0x1 ./LocalFiles/osram128x64x4.o
 *fill*         0x000000002000000d        0x3 
 .bss.pucZeroBuffer.3
                0x0000000020000010        0x8 ./LocalFiles/osram128x64x4.o
 .bss.pucBuffer.2
                0x0000000020000018        0x8 ./LocalFiles/osram128x64x4.o
 .bss.pucBuffer.1
                0x0000000020000020        0x8 ./LocalFiles/osram128x64x4.o
 .bss.ulMaxJitter
                0x0000000020000028        0x4 ./LocalFiles/timertest.o
                0x0000000020000028                ulMaxJitter
 .bss.ulLastCount.1
                0x000000002000002c        0x4 ./LocalFiles/timertest.o
 .bss.ulMaxDifference.0
                0x0000000020000030        0x4 ./LocalFiles/timertest.o
 .bss.ucHeap    0x0000000020000034     0xc800 ./FreeRTOS_Source/portable/MemMang/heap_4.o
 .bss.xStart    0x000000002000c834        0x8 ./FreeRTOS_Source/portable/MemMang/heap_4.o
 .bss.pxEnd     0x000000002000c83c        0x4 ./FreeRTOS_Source/portable/MemMang/heap_4.o
 .bss.xFreeBytesRemaining
                0x000000002000c840        0x4 ./FreeRTOS_Source/portable/MemMang/heap_4.o
 .bss.xMinimumEverFreeBytesRemaining
                0x000000002000c844        0x4 ./FreeRTOS_Source/portable/MemMang/heap_4.o
 .bss.xNumberOfSuccessfulAllocations
                0x000000002000c848        0x4 ./FreeRTOS_Source/portable/MemMang/heap_4.o
 .bss.xNumberOfSuccessfulFrees
                0x000000002000c84c        0x4 ./FreeRTOS_Source/portable/MemMang/heap_4.o
 .bss.ucMaxSysCallPriority
                0x000000002000c850        0x1 ./FreeRTOS_Source/portable/GCC/ARM_CM3/port.o
 *fill*         0x000000002000c851        0x3 
 .bss.ulMaxPRIGROUPValue
                0x000000002000c854        0x4 ./FreeRTOS_Source/portable/GCC/ARM_CM3/port.o
 .bss.xQueueRegistry
                0x000000002000c858       0x50 ./FreeRTOS_Source/queue.o
                0x000000002000c858                xQueueRegistry
 .bss.pxCurrentTCB
                0x000000002000c8a8        0x4 ./FreeRTOS_Source/tasks.o
                0x000000002000c8a8                pxCurrentTCB
 .bss.pxReadyTasksLists
                0x000000002000c8ac       0x78 ./FreeRTOS_Source/tasks.o
 .bss.xDelayedTaskList1
                0x000000002000c924       0x14 ./FreeRTOS_Source/tasks.o
 .bss.xDelayedTaskList2
                0x000000002000c938       0x14 ./FreeRTOS_Source/tasks.o
 .bss.pxDelayedTaskList
                0x000000002000c94c        0x4 ./FreeRTOS_Source/tasks.o
 .bss.pxOverflowDelayedTaskList
                0x000000002000c950        0x4 ./FreeRTOS_Source/tasks.o
 .bss.xPendingReadyList
                0x000000002000c954       0x14 ./FreeRTOS_Source/tasks.o
 .bss.xTasksWaitingTermination
                0x000000002000c968       0x14 ./FreeRTOS_Source/tasks.o
 .bss.uxDeletedTasksWaitingCleanUp
                0x000000002000c97c        0x4 ./FreeRTOS_Source/tasks.o
 .bss.xSuspendedTaskList
                0x000000002000c980       0x14 ./FreeRTOS_Source/tasks.o
 .bss.uxCurrentNumberOfTasks
                0x000000002000c994        0x4 ./FreeRTOS_Source/tasks.o
 .bss.xTickCount
                0x000000002000c998        0x4 ./FreeRTOS_Source/tasks.o
 .bss.uxTopReadyPriority
                0x000000002000c99c        0x4 ./FreeRTOS_Source/tasks.o
 .bss.xSchedulerRunning
                0x000000002000c9a0        0x4 ./FreeRTOS_Source/tasks.o
 .bss.xPendedTicks
                0x000000002000c9a4        0x4 ./FreeRTOS_Source/tasks.o
 .bss.xYieldPending
                0x000000002000c9a8        0x4 ./FreeRTOS_Source/tasks.o
 .bss.xNumOfOverflows
                0x000000002000c9ac        0x4 ./FreeRTOS_Source/tasks.o
 .bss.uxTaskNumber
                0x000000002000c9b0        0x4 ./FreeRTOS_Source/tasks.o
 .bss.xNextTaskUnblockTime
                0x000000002000c9b4        0x4 ./FreeRTOS_Source/tasks.o
 .bss.xIdleTaskHandle
                0x000000002000c9b8        0x4 ./FreeRTOS_Source/tasks.o
 .bss.uxSchedulerSuspended
                0x000000002000c9bc        0x4 ./FreeRTOS_Source/tasks.o
 .bss.xActiveTimerList1
                0x000000002000c9c0       0x14 ./FreeRTOS_Source/timers.o
 .bss.xActiveTimerList2
                0x000000002000c9d4       0x14 ./FreeRTOS_Source/timers.o
 .bss.pxCurrentTimerList
                0x000000002000c9e8        0x4 ./FreeRTOS_Source/timers.o
 .bss.pxOverflowTimerList
                0x000000002000c9ec        0x4 ./FreeRTOS_Source/timers.o
 .bss.xTimerQueue
                0x000000002000c9f0        0x4 ./FreeRTOS_Source/timers.o
 .bss.xTimerTaskHandle
                0x000000002000c9f4        0x4 ./FreeRTOS_Source/timers.o
 .bss.xLastTime.2
                0x000000002000c9f8        0x4 ./FreeRTOS_Source/timers.o
 .bss.ucStaticTimerQueueStorage.1
                0x000000002000c9fc      0x140 ./FreeRTOS_Source/timers.o
 .bss.xStaticTimerQueue.0
                0x000000002000cb3c       0x54 ./FreeRTOS_Source/timers.o
 .bss.xNormallyEmptyQueue
                0x000000002000cb90        0x4 ./CommonFiles/IntQueue.o
 .bss.xNormallyFullQueue
                0x000000002000cb94        0x4 ./CommonFiles/IntQueue.o
 .bss.xErrorLine
                0x000000002000cb98        0x4 ./CommonFiles/IntQueue.o
 .bss.uxValueForNormallyEmptyQueue
                0x000000002000cb9c        0x4 ./CommonFiles/IntQueue.o
 .bss.uxValueForNormallyFullQueue
                0x000000002000cba0        0x4 ./CommonFiles/IntQueue.o
 .bss.ucNormallyEmptyReceivedValues
                0x000000002000cba4       0xc8 ./CommonFiles/IntQueue.o
 .bss.ucNormallyFullReceivedValues
                0x000000002000cc6c       0xc8 ./CommonFiles/IntQueue.o
 .bss.uxNextOperation.5
                0x000000002000cd34        0x4 ./CommonFiles/IntQueue.o
 .bss.uxNextOperation.4
                0x000000002000cd38        0x4 ./CommonFiles/IntQueue.o
 .bss.pcOverflowedTask
                0x000000002000cd3c        0x4 ./main.o
                0x000000002000cd3c                pcOverflowedTask
 .bss.xIdleTaskTCB.3
                0x000000002000cd40       0x58 ./main.o
 .bss.uxIdleTaskStack.2
                0x000000002000cd98      0x168 ./main.o
 .bss.xTimerTaskTCB.1
                0x000000002000cf00       0x58 ./main.o
 .bss.uxTimerTaskStack.0
                0x000000002000cf58      0x168 ./main.o
 .bss.pulStack  0x000000002000d0c0      0x1e0 ./startup.o
 .bss.buffer    0x000000002000d2a0      0x100 ./Pong.o
                0x000000002000d2a0                buffer
 .bss.xInputQueue
                0x000000002000d3a0        0x4 ./Pong.o
                0x000000002000d3a0                xInputQueue
 .bss.xQueue    0x000000002000d3a4        0x4 ./Pong.o
                0x000000002000d3a4                xQueue
 *(COMMON)
                0x000000002000d3a8                _ebss = .
OUTPUT(RTOSDemo.elf elf32-littlearm)
LOAD linker stubs

.debug_info     0x0000000000000000     0x7c84
 .debug_info    0x0000000000000000      0x114 ./LocalFiles/IntQueueTimer.o
 .debug_info    0x0000000000000114      0x42f ./LocalFiles/osram128x64x4.o
 .debug_info    0x0000000000000543      0x449 ./LocalFiles/printf-stdarg.o
 .debug_info    0x000000000000098c      0x154 ./LocalFiles/timertest.o
 .debug_info    0x0000000000000ae0      0x47b ./FreeRTOS_Source/portable/MemMang/heap_4.o
 .debug_info    0x0000000000000f5b      0x3cb ./FreeRTOS_Source/portable/GCC/ARM_CM3/port.o
 .debug_info    0x0000000000001326      0x2d1 ./FreeRTOS_Source/list.o
 .debug_info    0x00000000000015f7     0x189d ./FreeRTOS_Source/queue.o
 .debug_info    0x0000000000002e94     0x230f ./FreeRTOS_Source/tasks.o
 .debug_info    0x00000000000051a3     0x116a ./FreeRTOS_Source/timers.o
 .debug_info    0x000000000000630d      0x91b ./CommonFiles/IntQueue.o
 .debug_info    0x0000000000006c28      0x4a5 ./main.o
 .debug_info    0x00000000000070cd      0x21c ./startup.o
 .debug_info    0x00000000000072e9      0x99b ./Pong.o

.debug_abbrev   0x0000000000000000     0x18ce
 .debug_abbrev  0x0000000000000000       0xbd ./LocalFiles/IntQueueTimer.o
 .debug_abbrev  0x00000000000000bd       0xec ./LocalFiles/osram128x64x4.o
 .debug_abbrev  0x00000000000001a9      0x163 ./LocalFiles/printf-stdarg.o
 .debug_abbrev  0x000000000000030c       0xbd ./LocalFiles/timertest.o
 .debug_abbrev  0x00000000000003c9      0x193 ./FreeRTOS_Source/portable/MemMang/heap_4.o
 .debug_abbrev  0x000000000000055c      0x207 ./FreeRTOS_Source/portable/GCC/ARM_CM3/port.o
 .debug_abbrev  0x0000000000000763       0xf2 ./FreeRTOS_Source/list.o
 .debug_abbrev  0x0000000000000855      0x2c5 ./FreeRTOS_Source/queue.o
 .debug_abbrev  0x0000000000000b1a      0x304 ./FreeRTOS_Source/tasks.o
 .debug_abbrev  0x0000000000000e1e      0x27b ./FreeRTOS_Source/timers.o
 .debug_abbrev  0x0000000000001099      0x206 ./CommonFiles/IntQueue.o
 .debug_abbrev  0x000000000000129f      0x1da ./main.o
 .debug_abbrev  0x0000000000001479      0x167 ./startup.o
 .debug_abbrev  0x00000000000015e0      0x2ee ./Pong.o

.debug_aranges  0x0000000000000000      0x848
 .debug_aranges
                0x0000000000000000       0x30 ./LocalFiles/IntQueueTimer.o
 .debug_aranges
                0x0000000000000030       0x68 ./LocalFiles/osram128x64x4.o
 .debug_aranges
                0x0000000000000098       0x58 ./LocalFiles/printf-stdarg.o
 .debug_aranges
                0x00000000000000f0       0x28 ./LocalFiles/timertest.o
 .debug_aranges
                0x0000000000000118       0x60 ./FreeRTOS_Source/portable/MemMang/heap_4.o
 .debug_aranges
                0x0000000000000178       0x78 ./FreeRTOS_Source/portable/GCC/ARM_CM3/port.o
 .debug_aranges
                0x00000000000001f0       0x40 ./FreeRTOS_Source/list.o
 .debug_aranges
                0x0000000000000230      0x188 ./FreeRTOS_Source/queue.o
 .debug_aranges
                0x00000000000003b8      0x220 ./FreeRTOS_Source/tasks.o
 .debug_aranges
                0x00000000000005d8      0x100 ./FreeRTOS_Source/timers.o
 .debug_aranges
                0x00000000000006d8       0x78 ./CommonFiles/IntQueue.o
 .debug_aranges
                0x0000000000000750       0x60 ./main.o
 .debug_aranges
                0x00000000000007b0       0x40 ./startup.o
 .debug_aranges
                0x00000000000007f0       0x58 ./Pong.o

.debug_ranges   0x0000000000000000      0x7a8
 .debug_ranges  0x0000000000000000       0x20 ./LocalFiles/IntQueueTimer.o
 .debug_ranges  0x0000000000000020       0x58 ./LocalFiles/osram128x64x4.o
 .debug_ranges  0x0000000000000078       0x48 ./LocalFiles/printf-stdarg.o
 .debug_ranges  0x00000000000000c0       0x18 ./LocalFiles/timertest.o
 .debug_ranges  0x00000000000000d8       0x50 ./FreeRTOS_Source/portable/MemMang/heap_4.o
 .debug_ranges  0x0000000000000128       0x68 ./FreeRTOS_Source/portable/GCC/ARM_CM3/port.o
 .debug_ranges  0x0000000000000190       0x30 ./FreeRTOS_Source/list.o
 .debug_ranges  0x00000000000001c0      0x178 ./FreeRTOS_Source/queue.o
 .debug_ranges  0x0000000000000338      0x210 ./FreeRTOS_Source/tasks.o
 .debug_ranges  0x0000000000000548       0xf0 ./FreeRTOS_Source/timers.o
 .debug_ranges  0x0000000000000638       0x68 ./CommonFiles/IntQueue.o
 .debug_ranges  0x00000000000006a0       0x50 ./main.o
 .debug_ranges  0x00000000000006f0       0x30 ./startup.o
 .debug_ranges  0x0000000000000720       0x88 ./Pong.o

.debug_macro    0x0000000000000000     0x8723
 .debug_macro   0x0000000000000000      0x113 ./LocalFiles/IntQueueTimer.o
 .debug_macro   0x0000000000000113      0xa54 ./LocalFiles/IntQueueTimer.o
 .debug_macro   0x0000000000000b67      0x174 ./LocalFiles/IntQueueTimer.o
 .debug_macro   0x0000000000000cdb       0x22 ./LocalFiles/IntQueueTimer.o
 .debug_macro   0x0000000000000cfd       0x8e ./LocalFiles/IntQueueTimer.o
 .debug_macro   0x0000000000000d8b       0x51 ./LocalFiles/IntQueueTimer.o
 .debug_macro   0x0000000000000ddc      0x103 ./LocalFiles/IntQueueTimer.o
 .debug_macro   0x0000000000000edf       0x6a ./LocalFiles/IntQueueTimer.o
 .debug_macro   0x0000000000000f49      0x1df ./LocalFiles/IntQueueTimer.o
 .debug_macro   0x0000000000001128      0x11e ./LocalFiles/IntQueueTimer.o
 .debug_macro   0x0000000000001246      0x15a ./LocalFiles/IntQueueTimer.o
 .debug_macro   0x00000000000013a0       0xe4 ./LocalFiles/IntQueueTimer.o
 .debug_macro   0x0000000000001484       0x28 ./LocalFiles/IntQueueTimer.o
 .debug_macro   0x00000000000014ac       0x1f ./LocalFiles/IntQueueTimer.o
 .debug_macro   0x00000000000014cb       0x12 ./LocalFiles/IntQueueTimer.o
 .debug_macro   0x00000000000014dd      0x503 ./LocalFiles/IntQueueTimer.o
 .debug_macro   0x00000000000019e0      0x187 ./LocalFiles/IntQueueTimer.o
 .debug_macro   0x0000000000001b67      0x15a ./LocalFiles/IntQueueTimer.o
 .debug_macro   0x0000000000001cc1       0x89 ./LocalFiles/IntQueueTimer.o
 .debug_macro   0x0000000000001d4a       0x10 ./LocalFiles/IntQueueTimer.o
 .debug_macro   0x0000000000001d5a      0x582 ./LocalFiles/IntQueueTimer.o
 .debug_macro   0x00000000000022dc       0xac ./LocalFiles/IntQueueTimer.o
 .debug_macro   0x0000000000002388       0x77 ./LocalFiles/osram128x64x4.o
 .debug_macro   0x00000000000023ff      0x1ca ./LocalFiles/osram128x64x4.o
 .debug_macro   0x00000000000025c9     0x17f3 ./LocalFiles/osram128x64x4.o
 .debug_macro   0x0000000000003dbc       0x10 ./LocalFiles/osram128x64x4.o
 .debug_macro   0x0000000000003dcc       0xac ./LocalFiles/osram128x64x4.o
 .debug_macro   0x0000000000003e78       0x64 ./LocalFiles/osram128x64x4.o
 .debug_macro   0x0000000000003edc       0x16 ./LocalFiles/osram128x64x4.o
 .debug_macro   0x0000000000003ef2       0x10 ./LocalFiles/osram128x64x4.o
 .debug_macro   0x0000000000003f02       0x32 ./LocalFiles/printf-stdarg.o
 .debug_macro   0x0000000000003f34       0x58 ./LocalFiles/printf-stdarg.o
 .debug_macro   0x0000000000003f8c      0x11a ./LocalFiles/timertest.o
 .debug_macro   0x00000000000040a6      0x3e8 ./LocalFiles/timertest.o
 .debug_macro   0x000000000000448e      0x214 ./FreeRTOS_Source/portable/MemMang/heap_4.o
 .debug_macro   0x00000000000046a2       0x16 ./FreeRTOS_Source/portable/MemMang/heap_4.o
 .debug_macro   0x00000000000046b8      0x10e ./FreeRTOS_Source/portable/MemMang/heap_4.o
 .debug_macro   0x00000000000047c6       0x8d ./FreeRTOS_Source/portable/MemMang/heap_4.o
 .debug_macro   0x0000000000004853       0x16 ./FreeRTOS_Source/portable/MemMang/heap_4.o
 .debug_macro   0x0000000000004869       0x29 ./FreeRTOS_Source/portable/MemMang/heap_4.o
 .debug_macro   0x0000000000004892       0x16 ./FreeRTOS_Source/portable/MemMang/heap_4.o
 .debug_macro   0x00000000000048a8       0xc3 ./FreeRTOS_Source/portable/MemMang/heap_4.o
 .debug_macro   0x000000000000496b      0x120 ./FreeRTOS_Source/portable/MemMang/heap_4.o
 .debug_macro   0x0000000000004a8b      0x183 ./FreeRTOS_Source/portable/GCC/ARM_CM3/port.o
 .debug_macro   0x0000000000004c0e      0x198 ./FreeRTOS_Source/list.o
 .debug_macro   0x0000000000004da6      0x22a ./FreeRTOS_Source/queue.o
 .debug_macro   0x0000000000004fd0       0x87 ./FreeRTOS_Source/queue.o
 .debug_macro   0x0000000000005057      0x33a ./FreeRTOS_Source/tasks.o
 .debug_macro   0x0000000000005391       0x16 ./FreeRTOS_Source/tasks.o
 .debug_macro   0x00000000000053a7       0x1c ./FreeRTOS_Source/tasks.o
 .debug_macro   0x00000000000053c3       0x10 ./FreeRTOS_Source/tasks.o
 .debug_macro   0x00000000000053d3       0x10 ./FreeRTOS_Source/tasks.o
 .debug_macro   0x00000000000053e3       0x1c ./FreeRTOS_Source/tasks.o
 .debug_macro   0x00000000000053ff       0x52 ./FreeRTOS_Source/tasks.o
 .debug_macro   0x0000000000005451       0x22 ./FreeRTOS_Source/tasks.o
 .debug_macro   0x0000000000005473       0x10 ./FreeRTOS_Source/tasks.o
 .debug_macro   0x0000000000005483       0x52 ./FreeRTOS_Source/tasks.o
 .debug_macro   0x00000000000054d5       0xd5 ./FreeRTOS_Source/tasks.o
 .debug_macro   0x00000000000055aa       0x1c ./FreeRTOS_Source/tasks.o
 .debug_macro   0x00000000000055c6       0x3d ./FreeRTOS_Source/tasks.o
 .debug_macro   0x0000000000005603       0x16 ./FreeRTOS_Source/tasks.o
 .debug_macro   0x0000000000005619      0x145 ./FreeRTOS_Source/tasks.o
 .debug_macro   0x000000000000575e      0x1e7 ./FreeRTOS_Source/timers.o
 .debug_macro   0x0000000000005945       0x97 ./FreeRTOS_Source/timers.o
 .debug_macro   0x00000000000059dc      0x227 ./CommonFiles/IntQueue.o
 .debug_macro   0x0000000000005c03      0x35b ./main.o
 .debug_macro   0x0000000000005f5e      0xa4e ./main.o
 .debug_macro   0x00000000000069ac       0x94 ./main.o
 .debug_macro   0x0000000000006a40       0x34 ./main.o
 .debug_macro   0x0000000000006a74      0x35d ./main.o
 .debug_macro   0x0000000000006dd1       0xf6 ./main.o
 .debug_macro   0x0000000000006ec7       0x16 ./main.o
 .debug_macro   0x0000000000006edd      0x408 ./main.o
 .debug_macro   0x00000000000072e5      0x519 ./main.o
 .debug_macro   0x00000000000077fe       0xd6 ./main.o
 .debug_macro   0x00000000000078d4       0x20 ./main.o
 .debug_macro   0x00000000000078f4       0x10 ./main.o
 .debug_macro   0x0000000000007904       0x17 ./startup.o
 .debug_macro   0x000000000000791b      0xa42 ./startup.o
 .debug_macro   0x000000000000835d      0x3c6 ./Pong.o

.debug_line     0x0000000000000000     0x74f6
 .debug_line    0x0000000000000000      0x406 ./LocalFiles/IntQueueTimer.o
 .debug_line    0x0000000000000406      0x3cf ./LocalFiles/osram128x64x4.o
 .debug_line    0x00000000000007d5      0x413 ./LocalFiles/printf-stdarg.o
 .debug_line    0x0000000000000be8      0x3b9 ./LocalFiles/timertest.o
 .debug_line    0x0000000000000fa1      0x700 ./FreeRTOS_Source/portable/MemMang/heap_4.o
 .debug_line    0x00000000000016a1      0x507 ./FreeRTOS_Source/portable/GCC/ARM_CM3/port.o
 .debug_line    0x0000000000001ba8      0x4b4 ./FreeRTOS_Source/list.o
 .debug_line    0x000000000000205c     0x13f7 ./FreeRTOS_Source/queue.o
 .debug_line    0x0000000000003453     0x1b1d ./FreeRTOS_Source/tasks.o
 .debug_line    0x0000000000004f70      0x9dc ./FreeRTOS_Source/timers.o
 .debug_line    0x000000000000594c      0x985 ./CommonFiles/IntQueue.o
 .debug_line    0x00000000000062d1      0x6c1 ./main.o
 .debug_line    0x0000000000006992      0x11f ./startup.o
 .debug_line    0x0000000000006ab1      0xa45 ./Pong.o

.debug_str      0x0000000000000000    0x214da
 .debug_str     0x0000000000000000     0x99d4 ./LocalFiles/IntQueueTimer.o
                                       0x9bc9 (size before relaxing)
 .debug_str     0x00000000000099d4     0x783f ./LocalFiles/osram128x64x4.o
                                       0xc885 (size before relaxing)
 .debug_str     0x0000000000011213      0x1d5 ./LocalFiles/printf-stdarg.o
                                       0x2e7a (size before relaxing)
 .debug_str     0x00000000000113e8     0x1208 ./LocalFiles/timertest.o
                                       0xacf6 (size before relaxing)
 .debug_str     0x00000000000125f0     0x5247 ./FreeRTOS_Source/portable/MemMang/heap_4.o
                                       0xc30c (size before relaxing)
 .debug_str     0x0000000000017837      0x7cf ./FreeRTOS_Source/portable/GCC/ARM_CM3/port.o
                                       0x95ed (size before relaxing)
 .debug_str     0x0000000000018006      0x113 ./FreeRTOS_Source/list.o
                                       0xaba7 (size before relaxing)
 .debug_str     0x0000000000018119     0x1510 ./FreeRTOS_Source/queue.o
                                       0xd3cb (size before relaxing)
 .debug_str     0x0000000000019629     0x2e0b ./FreeRTOS_Source/tasks.o
                                       0xee4c (size before relaxing)
 .debug_str     0x000000000001c434      0x695 ./FreeRTOS_Source/timers.o
                                       0xd672 (size before relaxing)
 .debug_str     0x000000000001cac9      0xb27 ./CommonFiles/IntQueue.o
                                       0xd012 (size before relaxing)
 .debug_str     0x000000000001d5f0     0x363a ./main.o
                                      0x1a13e (size before relaxing)
 .debug_str     0x0000000000020c2a      0x176 ./startup.o
                                       0x2cf6 (size before relaxing)
 .debug_str     0x0000000000020da0      0x73a ./Pong.o
                                      0x19d5c (size before relaxing)

.comment        0x0000000000000000       0xf3
 .comment       0x0000000000000000       0x49 ./LocalFiles/IntQueueTimer.o
                                         0x4a (size before relaxing)
 .comment       0x0000000000000049       0x4a ./LocalFiles/osram128x64x4.o
 .comment       0x0000000000000049       0x4a ./LocalFiles/printf-stdarg.o
 .comment       0x0000000000000049       0x4a ./LocalFiles/timertest.o
 .comment       0x0000000000000049       0x4a ./FreeRTOS_Source/portable/MemMang/heap_4.o
 .comment       0x0000000000000049       0x4a ./FreeRTOS_Source/portable/GCC/ARM_CM3/port.o
 .comment       0x0000000000000049       0x4a ./FreeRTOS_Source/list.o
 .comment       0x0000000000000049       0x4a ./FreeRTOS_Source/queue.o
 .comment       0x0000000000000049       0x4a ./FreeRTOS_Source/tasks.o
 .comment       0x0000000000000049       0x4a ./FreeRTOS_Source/timers.o
 .comment       0x0000000000000049       0x4a ./CommonFiles/IntQueue.o
 .comment       0x0000000000000049       0x4a ./main.o
 .comment       0x0000000000000049       0x4a ./startup.o
 .comment       0x0000000000000049       0x4a ./Pong.o
 .comment       0x0000000000000049       0x22 ../FreeRTOS/FreeRTOS/Source/Common/drivers/LuminaryMicro/arm-none-eabi-gcc//libdriver.a(gpio.o)
 .comment       0x000000000000006b       0x22 ../FreeRTOS/FreeRTOS/Source/Common/drivers/LuminaryMicro/arm-none-eabi-gcc//libdriver.a(ssi.o)
 .comment       0x000000000000008d       0x22 ../FreeRTOS/FreeRTOS/Source/Common/drivers/LuminaryMicro/arm-none-eabi-gcc//libdriver.a(sysctl.o)
 .comment       0x00000000000000af       0x22 ../FreeRTOS/FreeRTOS/Source/Common/drivers/LuminaryMicro/arm-none-eabi-gcc//libdriver.a(timer.o)
 .comment       0x00000000000000d1       0x22 ../FreeRTOS/FreeRTOS/Source/Common/drivers/LuminaryMicro/arm-none-eabi-gcc//libdriver.a(uart.o)

.ARM.attributes
                0x0000000000000000       0x2b
 .ARM.attributes
                0x0000000000000000       0x2d ./LocalFiles/IntQueueTimer.o
 .ARM.attributes
                0x000000000000002d       0x2d ./LocalFiles/osram128x64x4.o
 .ARM.attributes
                0x000000000000005a       0x2d ./LocalFiles/printf-stdarg.o
 .ARM.attributes
                0x0000000000000087       0x2d ./LocalFiles/timertest.o
 .ARM.attributes
                0x00000000000000b4       0x2d ./FreeRTOS_Source/portable/MemMang/heap_4.o
 .ARM.attributes
                0x00000000000000e1       0x2d ./FreeRTOS_Source/portable/GCC/ARM_CM3/port.o
 .ARM.attributes
                0x000000000000010e       0x2d ./FreeRTOS_Source/list.o
 .ARM.attributes
                0x000000000000013b       0x2d ./FreeRTOS_Source/queue.o
 .ARM.attributes
                0x0000000000000168       0x2d ./FreeRTOS_Source/tasks.o
 .ARM.attributes
                0x0000000000000195       0x2d ./FreeRTOS_Source/timers.o
 .ARM.attributes
                0x00000000000001c2       0x2d ./CommonFiles/IntQueue.o
 .ARM.attributes
                0x00000000000001ef       0x2d ./main.o
 .ARM.attributes
                0x000000000000021c       0x2d ./startup.o
 .ARM.attributes
                0x0000000000000249       0x2d ./Pong.o
 .ARM.attributes
                0x0000000000000276       0x31 ../FreeRTOS/FreeRTOS/Source/Common/drivers/LuminaryMicro/arm-none-eabi-gcc//libdriver.a(gpio.o)
 .ARM.attributes
                0x00000000000002a7       0x31 ../FreeRTOS/FreeRTOS/Source/Common/drivers/LuminaryMicro/arm-none-eabi-gcc//libdriver.a(ssi.o)
 .ARM.attributes
                0x00000000000002d8       0x31 ../FreeRTOS/FreeRTOS/Source/Common/drivers/LuminaryMicro/arm-none-eabi-gcc//libdriver.a(sysctl.o)
 .ARM.attributes
                0x0000000000000309       0x31 ../FreeRTOS/FreeRTOS/Source/Common/drivers/LuminaryMicro/arm-none-eabi-gcc//libdriver.a(timer.o)
 .ARM.attributes
                0x000000000000033a       0x31 ../FreeRTOS/FreeRTOS/Source/Common/drivers/LuminaryMicro/arm-none-eabi-gcc//libdriver.a(uart.o)
 .ARM.attributes
                0x000000000000036b       0x2d /usr/share/gcc-arm-none-eabi-10.3-2021.10/bin/../lib/gcc/arm-none-eabi/10.3.1/../../../../arm-none-eabi/lib/thumb/v7-m/nofp/libg_nano.a(lib_a-memcpy-stub.o)
 .ARM.attributes
                0x0000000000000398       0x2d /usr/share/gcc-arm-none-eabi-10.3-2021.10/bin/../lib/gcc/arm-none-eabi/10.3.1/../../../../arm-none-eabi/lib/thumb/v7-m/nofp/libg_nano.a(lib_a-memset.o)

.debug_frame    0x0000000000000000     0x2068
 .debug_frame   0x0000000000000000       0x6c ./LocalFiles/IntQueueTimer.o
 .debug_frame   0x000000000000006c      0x170 ./LocalFiles/osram128x64x4.o
 .debug_frame   0x00000000000001dc      0x194 ./LocalFiles/printf-stdarg.o
 .debug_frame   0x0000000000000370       0x58 ./LocalFiles/timertest.o
 .debug_frame   0x00000000000003c8      0x150 ./FreeRTOS_Source/portable/MemMang/heap_4.o
 .debug_frame   0x0000000000000518      0x17c ./FreeRTOS_Source/portable/GCC/ARM_CM3/port.o
 .debug_frame   0x0000000000000694       0xd8 ./FreeRTOS_Source/list.o
 .debug_frame   0x000000000000076c      0x6a8 ./FreeRTOS_Source/queue.o
 .debug_frame   0x0000000000000e14      0x948 ./FreeRTOS_Source/tasks.o
 .debug_frame   0x000000000000175c      0x424 ./FreeRTOS_Source/timers.o
 .debug_frame   0x0000000000001b80      0x1ac ./CommonFiles/IntQueue.o
 .debug_frame   0x0000000000001d2c      0x144 ./main.o
 .debug_frame   0x0000000000001e70       0x98 ./startup.o
 .debug_frame   0x0000000000001f08      0x118 ./Pong.o
 .debug_frame   0x0000000000002020       0x28 /usr/share/gcc-arm-none-eabi-10.3-2021.10/bin/../lib/gcc/arm-none-eabi/10.3.1/../../../../arm-none-eabi/lib/thumb/v7-m/nofp/libg_nano.a(lib_a-memcpy-stub.o)
 .debug_frame   0x0000000000002048       0x20 /usr/share/gcc-arm-none-eabi-10.3-2021.10/bin/../lib/gcc/arm-none-eabi/10.3.1/../../../../arm-none-eabi/lib/thumb/v7-m/nofp/libg_nano.a(lib_a-memset.o)

.debug_loc      0x0000000000000000      0x36a
 .debug_loc     0x0000000000000000      0x36a ./Pong.o
